// Jest Snapshot v1, https://goo.gl/fbAQLP

exports[`EventsTimeline should render correctly 1`] = `
<div
  className="timeline"
>
  <div
    className="title"
  >
    <span />
  </div>
</div>
`;
